[2026-08-08 14:21:14] Batch invocation started: 0/100 already complete
[2026-08-08 14:21:14] Essay 001 started: Why repair that eliminates difference can be a form of system failure
[2026-08-08 14:22:17] Essay 001 FAILED after 63s
[2026-08-08 14:22:17] Essay 002 started: Why admissibility is a stronger concept than optimization for understanding persistent systems
[2026-08-08 14:23:01] Essay 002 FAILED after 44s
[2026-08-08 14:23:01] Essay 003 started: Why continuation should be treated as a property of trajectories rather than states
[2026-08-08 14:23:50] Essay 003 FAILED after 49s
[2026-08-08 14:23:50] Essay 004 started: Why persistent distinctions are a better starting point for ontology than isolated objects
[2026-08-08 14:24:43] Essay 004 FAILED after 53s
[2026-08-08 14:24:43] Essay 005 started: How identity can emerge from recursively repaired distinctions
[2026-08-08 14:25:24] Essay 005 FAILED after 41s
[2026-08-08 14:25:24] Essay 006 started: Why a system must preserve some differences in order to remain itself
[2026-08-08 14:26:11] Essay 006 FAILED after 47s
[2026-08-08 14:26:11] Essay 007 started: How repair converts temporary distinctions into persistent identities
[2026-08-08 14:26:59] Essay 007 FAILED after 48s
[2026-08-08 14:26:59] Essay 008 started: Why perfect equilibrium can be incompatible with continued organization
[2026-08-08 14:27:38] Essay 008 FAILED after 39s
[2026-08-08 14:27:38] Essay 009 started: Why persistence requires selective resistance to change rather than simple stability
[2026-08-08 14:28:19] Essay 009 FAILED after 41s
[2026-08-08 14:28:19] Essay 010 started: How the survival of distinctions creates the conditions for information
[2026-08-08 14:29:07] Essay 010 FAILED after 48s
[2026-08-08 14:29:07] Essay 011 started: Why information should be understood through constrained differences rather than symbolic representation
[2026-08-08 14:29:54] Essay 011 FAILED after 47s
[2026-08-08 14:29:54] Essay 012 started: How entropy measures uncertainty about distinctions rather than disorder alone
[2026-08-08 14:30:44] Essay 012 FAILED after 50s
[2026-08-08 14:30:44] Essay 013 started: Why information becomes meaningful only relative to admissible continuation
[2026-08-08 14:31:29] Essay 013 FAILED after 45s
[2026-08-08 14:31:29] Essay 014 started: How observation creates diagnostic boundaries around persistent processes
[2026-08-08 14:32:08] Essay 014 FAILED after 39s
[2026-08-08 14:32:08] Essay 015 started: Why a diagnostic boundary is more general than a Markov blanket
[2026-08-08 14:32:49] Essay 015 FAILED after 41s
[2026-08-08 14:32:49] Essay 016 started: How partial observability constrains what a system can know about its own continuation
[2026-08-08 14:33:35] Essay 016 FAILED after 46s
[2026-08-08 14:33:35] Essay 017 started: Why ignorance should be treated as a structural property of observation
[2026-08-08 14:34:18] Essay 017 FAILED after 43s
[2026-08-08 14:34:18] Essay 018 started: How uncertainty propagates outside the region available to a diagnostic observer
[2026-08-08 14:35:09] Essay 018 FAILED after 51s
[2026-08-08 14:35:09] Essay 019 started: Why a representation is useful only when it preserves distinctions relevant to action
[2026-08-08 14:35:50] Essay 019 FAILED after 41s
[2026-08-08 14:35:50] Essay 020 started: How lossy representations can nevertheless support reliable continuation
[2026-08-08 14:36:35] Essay 020 FAILED after 45s
[2026-08-08 14:36:35] Essay 021 started: Why reachability is more fundamental than abstract possibility
[2026-08-08 14:37:23] Essay 021 FAILED after 48s
[2026-08-08 14:37:23] Essay 022 started: How unreachable states differ from merely improbable states
[2026-08-08 14:38:07] Essay 022 FAILED after 44s
[2026-08-08 14:38:07] Essay 023 started: Why the future of a system is defined by its reachable trajectories
[2026-08-08 14:38:48] Essay 023 FAILED after 41s
[2026-08-08 14:38:48] Essay 024 started: How constraints carve an admissible region out of possibility space
[2026-08-08 14:39:34] Essay 024 FAILED after 46s
[2026-08-08 14:39:34] Essay 025 started: Why feasibility should precede optimality in theories of action
[2026-08-08 14:40:20] Essay 025 FAILED after 46s
[2026-08-08 14:40:20] Essay 026 started: How systems fail when their desired states leave the reachable set
[2026-08-08 14:41:01] Essay 026 FAILED after 41s
[2026-08-08 14:41:01] Essay 027 started: Why an unreachable goal can reorganize a society even after hope disappears
[2026-08-08 14:41:48] Essay 027 FAILED after 47s
[2026-08-08 14:41:48] Essay 028 started: How catastrophe changes from an event into a geometry of restricted reachability
[2026-08-08 14:42:32] Essay 028 FAILED after 44s
[2026-08-08 14:42:32] Essay 029 started: Why adaptation requires discovering new reachable futures rather than restoring the past
[2026-08-08 14:43:16] Essay 029 FAILED after 44s
[2026-08-08 14:43:16] Essay 030 started: How the loss of a destination transforms the meaning of continuation
[2026-08-08 14:44:02] Essay 030 FAILED after 46s
[2026-08-08 14:44:02] Essay 031 started: Why optimization assumes too much about the existence of a meaningful objective
[2026-08-08 14:44:43] Essay 031 FAILED after 41s
[2026-08-08 14:44:43] Essay 032 started: How admissibility allows systems to survive without possessing a global objective function
[2026-08-08 14:45:28] Essay 032 FAILED after 45s
[2026-08-08 14:45:28] Essay 033 started: Why local repair can outperform global optimization in changing environments
[2026-08-08 14:46:07] Essay 033 FAILED after 39s
[2026-08-08 14:46:07] Essay 034 started: How optimization can destroy the very distinctions that define the optimizing system
[2026-08-08 14:46:44] Essay 034 FAILED after 37s
[2026-08-08 14:46:44] Essay 035 started: Why maximization is often the wrong metaphor for biological persistence
[2026-08-08 14:47:42] Essay 035 FAILED after 58s
[2026-08-08 14:47:42] Essay 036 started: How satisficing can be reinterpreted as navigation within an admissible region
[2026-08-08 14:48:35] Essay 036 FAILED after 53s
[2026-08-08 14:48:35] Essay 037 started: Why constraint satisfaction provides a richer model of agency than utility maximization
[2026-08-08 14:49:26] Essay 037 FAILED after 51s
[2026-08-08 14:49:26] Essay 038 started: How multi-objective systems can persist without reducing values to a single scalar
[2026-08-08 14:50:12] Essay 038 FAILED after 46s
[2026-08-08 14:50:12] Essay 039 started: Why a system may rationally reject an apparently superior state
[2026-08-08 14:51:00] Essay 039 FAILED after 48s
[2026-08-08 14:51:00] Essay 040 started: How irreversible commitments transform an optimization problem into a reachability problem
[2026-08-08 14:51:46] Essay 040 FAILED after 46s
[2026-08-08 14:51:46] Essay 041 started: Why repair should be treated as a primitive operation in theories of organization
[2026-08-08 14:52:33] Essay 041 FAILED after 47s
[2026-08-08 14:52:33] Essay 042 started: How repair differs from reversal, restoration, and replacement
[2026-08-08 14:53:29] Essay 042 FAILED after 56s
[2026-08-08 14:53:29] Essay 043 started: Why successful repair need not return a system to its previous state
[2026-08-08 14:54:11] Essay 043 FAILED after 42s
[2026-08-08 14:54:11] Essay 044 started: How repair can preserve identity while changing nearly every component
[2026-08-08 14:54:57] Essay 044 FAILED after 46s
[2026-08-08 14:54:57] Essay 045 started: Why maintenance is an active process rather than the absence of failure
[2026-08-08 14:55:47] Essay 045 FAILED after 50s
[2026-08-08 14:55:47] Essay 046 started: How accumulated repairs become part of a system's history
[2026-08-08 14:56:33] Essay 046 FAILED after 46s
[2026-08-08 14:56:33] Essay 047 started: Why repaired systems carry information about the disturbances they survived
[2026-08-08 14:57:15] Essay 047 FAILED after 42s
[2026-08-08 14:57:15] Essay 048 started: How repair creates path dependence
[2026-08-08 14:58:03] Essay 048 FAILED after 48s
[2026-08-08 14:58:03] Essay 049 started: Why the cost of repair can determine whether a distinction remains viable
[2026-08-08 14:58:46] Essay 049 FAILED after 43s
[2026-08-08 14:58:46] Essay 050 started: How recursive repair generates higher-order organization
[2026-08-08 14:59:45] Essay 050 FAILED after 59s
[2026-08-08 14:59:45] Essay 051 started: Why biological organisms are better understood as repair processes than static machines
[2026-08-08 15:04:29] Essay 051 FAILED after 284s
[2026-08-08 15:04:29] Essay 052 started: How homeostasis can be interpreted as constrained continuation
[2026-08-08 15:05:15] Essay 052 FAILED after 46s
[2026-08-08 15:05:15] Essay 053 started: Why physiological health is a region of admissible trajectories rather than a single normal state
[2026-08-08 15:06:00] Essay 053 FAILED after 45s
[2026-08-08 15:06:00] Essay 054 started: How disease can be modeled as progressive loss of reachable physiological states
[2026-08-08 15:07:10] Essay 054 FAILED after 70s
[2026-08-08 15:07:10] Essay 055 started: Why biological robustness depends on preserving multiple repair pathways
[2026-08-08 15:08:33] Essay 055 FAILED after 83s
[2026-08-08 15:08:33] Essay 056 started: How redundancy becomes meaningful when viewed through continuation
[2026-08-08 15:09:57] Essay 056 FAILED after 84s
[2026-08-08 15:09:57] Essay 057 started: Why aging can be understood as contraction of the repairable state space
[2026-08-08 15:11:44] Essay 057 FAILED after 107s
[2026-08-08 15:11:44] Essay 058 started: How organisms remain identical despite continuous material replacement
[2026-08-08 15:13:34] Essay 058 FAILED after 110s
[2026-08-08 15:13:34] Essay 059 started: Why death marks a failure of continuation rather than merely a change of state
[2026-08-08 15:15:11] Essay 059 FAILED after 97s
[2026-08-08 15:15:11] Essay 060 started: How ecological resilience depends on preserving distinctions at multiple scales
[2026-08-08 15:15:55] Essay 060 FAILED after 44s
[2026-08-08 15:15:55] Essay 061 started: Why cognition should be understood as the maintenance of actionable distinctions
[2026-08-08 15:16:46] Essay 061 FAILED after 51s
[2026-08-08 15:16:46] Essay 062 started: How perception constructs distinctions that matter for continuation
[2026-08-08 15:17:37] Essay 062 FAILED after 51s
[2026-08-08 15:17:37] Essay 063 started: Why memory is a repair mechanism for temporal identity
[2026-08-08 15:18:29] Essay 063 FAILED after 52s
[2026-08-08 15:18:29] Essay 064 started: How forgetting can sometimes preserve cognitive admissibility
[2026-08-08 15:19:19] Essay 064 FAILED after 50s
[2026-08-08 15:19:19] Essay 065 started: Why consciousness may depend on the integration of distinctions across competing processes
[2026-08-08 15:20:33] Essay 065 FAILED after 74s
[2026-08-08 15:20:33] Essay 066 started: How attention alters the reachable space of cognition
[2026-08-08 15:21:44] Essay 066 FAILED after 71s
[2026-08-08 15:21:44] Essay 067 started: Why prediction is useful only insofar as it supports admissible action
[2026-08-08 15:22:34] Essay 067 FAILED after 50s
[2026-08-08 15:22:34] Essay 068 started: How error correction can provide a more general account of learning than optimization
[2026-08-08 15:23:34] Essay 068 FAILED after 60s
[2026-08-08 15:23:34] Essay 069 started: Why intelligence may consist in finding viable continuations under changing constraints
[2026-08-08 15:24:59] Essay 069 FAILED after 84s
[2026-08-08 15:24:59] Essay 070 started: How cognitive flexibility depends on preserving alternative reachable trajectories
[2026-08-08 15:26:04] Essay 070 FAILED after 65s
[2026-08-08 15:26:04] Essay 071 started: Why computation can be understood as controlled transformation of distinctions
[2026-08-08 15:27:24] Essay 071 FAILED after 80s
[2026-08-08 15:27:24] Essay 072 started: How program state acquires meaning through permitted continuations
[2026-08-08 15:28:57] Essay 072 FAILED after 93s
[2026-08-08 15:28:57] Essay 073 started: Why type systems describe admissible computational trajectories
[2026-08-08 15:30:18] Essay 073 FAILED after 81s
[2026-08-08 15:30:18] Essay 074 started: How ownership in Rust can be interpreted as constrained reachability
[2026-08-08 15:31:23] Essay 074 FAILED after 65s
[2026-08-08 15:31:23] Essay 075 started: Why lifetimes function as proofs of admissible continuation
[2026-08-08 15:32:46] Essay 075 FAILED after 83s
[2026-08-08 15:32:46] Essay 076 started: How a panic represents departure from an expected computational manifold
[2026-08-08 15:34:10] Essay 076 FAILED after 84s
[2026-08-08 15:34:10] Essay 077 started: Why error handling is a form of computational repair
[2026-08-08 15:35:06] Essay 077 FAILED after 56s
[2026-08-08 15:35:06] Essay 078 started: How stacks can emerge from primitive operations on distinctions
[2026-08-08 15:36:20] Essay 078 FAILED after 74s
[2026-08-08 15:36:20] Essay 079 started: Why control flow is fundamentally about restricting possible continuations
[2026-08-08 15:37:12] Essay 079 FAILED after 52s
[2026-08-08 15:37:12] Essay 080 started: How programming languages encode different geometries of reachable computation
[2026-08-08 15:38:13] Essay 080 FAILED after 61s
[2026-08-08 15:38:13] Essay 081 started: Why physical law can be interpreted as a constraint on admissible trajectories
[2026-08-08 15:39:42] Essay 081 FAILED after 89s
[2026-08-08 15:39:42] Essay 082 started: How conservation laws preserve distinctions across transformation
[2026-08-08 15:40:49] Essay 082 FAILED after 67s
[2026-08-08 15:40:49] Essay 083 started: Why fields are better understood dynamically than as containers of static properties
[2026-08-08 15:42:20] Essay 083 FAILED after 91s
[2026-08-08 15:42:20] Essay 084 started: How classical mechanics can be reconstructed around reachable trajectories
[2026-08-08 15:43:39] Essay 084 FAILED after 79s
[2026-08-08 15:43:39] Essay 085 started: Why thermodynamics concerns constraints on continuation as much as energy exchange
[2026-08-08 15:44:47] Essay 085 FAILED after 68s
[2026-08-08 15:44:47] Essay 086 started: How entropy production limits the reversibility of repair
[2026-08-08 15:45:44] Essay 086 FAILED after 57s
[2026-08-08 15:45:44] Essay 087 started: Why phase transitions create new spaces of admissible organization
[2026-08-08 15:46:45] Essay 087 FAILED after 61s
[2026-08-08 15:46:45] Essay 088 started: How persistent physical structures arise from constrained flows
[2026-08-08 15:47:57] Essay 088 FAILED after 72s
[2026-08-08 15:47:57] Essay 089 started: Why stability in physics should be distinguished from mere persistence
[2026-08-08 15:48:58] Essay 089 FAILED after 61s
[2026-08-08 15:48:58] Essay 090 started: How boundary conditions participate in defining physical identity
[2026-08-08 15:49:56] Essay 090 FAILED after 58s
[2026-08-08 15:49:56] Essay 091 started: Why economic solvency is a reachability problem rather than a static balance-sheet property
[2026-08-08 15:51:23] Essay 091 FAILED after 87s
[2026-08-08 15:51:23] Essay 092 started: How fiscal systems fail when future obligations leave the reachable set
[2026-08-08 15:52:34] Essay 092 FAILED after 71s
[2026-08-08 15:52:34] Essay 093 started: Why liquidity represents access to continuation rather than wealth alone
[2026-08-08 15:53:45] Essay 093 FAILED after 71s
[2026-08-08 15:53:45] Essay 094 started: How economic resilience depends on preserving optionality
[2026-08-08 15:54:53] Essay 094 FAILED after 68s
[2026-08-08 15:54:53] Essay 095 started: Why institutions survive through repeated repair rather than permanent equilibrium
[2026-08-08 15:56:10] Essay 095 FAILED after 77s
[2026-08-08 15:56:10] Essay 096 started: How social norms create admissible regions of collective behavior
[2026-08-08 15:57:16] Essay 096 FAILED after 66s
[2026-08-08 15:57:16] Essay 097 started: Why organizations lose identity when repair eliminates the distinctions that defined them
[2026-08-08 15:58:23] Essay 097 FAILED after 67s
[2026-08-08 15:58:23] Essay 098 started: How societies respond when their founding futures become unreachable
[2026-08-08 15:59:40] Essay 098 FAILED after 77s
[2026-08-08 15:59:40] Essay 099 started: Why archives matter even when the expected audience disappears
[2026-08-08 16:00:53] Essay 099 FAILED after 73s
[2026-08-08 16:00:53] Essay 100 started: How an epistemology of repair changes what it means to know
[2026-08-08 16:02:27] Essay 100 FAILED after 94s
[2026-08-08 16:02:27] Batch invocation finished: 0/100 complete; 100 failed this invocation
